[38;2;160;107;224m▄▄▄▄▄▄▄                      ▄▄[0m[38;2;245;243;241m▄▄▄▄▄       ▄▄ ▄▄             [0m
[38;2;160;107;224m███▀▀███▄              ██   █[0m[38;2;245;243;241m██▀▀▀▀▀       ██ ██             [0m
[38;2;160;107;224m███▄▄███▀ ▄███▄ ▄███▄ ▀██▀▀ ███[0m[38;2;245;243;241m      ▄█▀█▄ ██ ██  ▀▀█▄ ████▄ [0m
[38;2;160;107;224m███▀▀██▄  ██ ██ ██ ██  ██   [0m[38;2;245;243;241m███      ██▄█▀ ██ ██ ▄█▀██ ██ ▀▀ [0m
[38;2;160;107;224m███  ▀███ ▀███▀ ▀███▀  ██   [0m[38;2;245;243;241m▀███████ ▀█▄▄▄ ██ ██ ▀█▄██ ██    [0m
